===== System Info Log: 20250628 =====
User: ramyakeerthanayarlagadda
Hostname: MacBookPro.lan
Uptime: 11:27  up 11 days,  1:06, 2 users, load averages: 0.92 1.28 1.31
Date: Sat Jun 28 11:27:12 PDT 2025
Disk Usage:
Filesystem        Size    Used   Avail Capacity iused ifree %iused  Mounted on
/dev/disk3s1s1   460Gi    10Gi    27Gi    29%    426k  280M    0%   /
devfs            202Ki   202Ki     0Bi   100%     698     0  100%   /dev
/dev/disk3s6     460Gi   6.0Gi    27Gi    19%       6  280M    0%   /System/Volumes/VM
/dev/disk3s2     460Gi   6.7Gi    27Gi    21%    1.3k  280M    0%   /System/Volumes/Preboot
/dev/disk3s4     460Gi   2.2Mi    27Gi     1%      93  280M    0%   /System/Volumes/Update
/dev/disk1s2     500Mi   6.0Mi   483Mi     2%       3  4.9M    0%   /System/Volumes/xarts
/dev/disk1s1     500Mi   5.6Mi   483Mi     2%      34  4.9M    0%   /System/Volumes/iSCPreboot
/dev/disk1s3     500Mi   936Ki   483Mi     1%      45  4.9M    0%   /System/Volumes/Hardware
/dev/disk3s5     460Gi   409Gi    27Gi    94%    1.4M  280M    1%   /System/Volumes/Data
map auto_home      0Bi     0Bi     0Bi   100%       0     0     -   /System/Volumes/Data/home
Memory Usage:
Mach Virtual Memory Statistics: (page size of 16384 bytes)
Pages free:                                3960.
Pages active:                            110804.
Pages inactive:                          109713.
Pages speculative:                          272.
Pages throttled:                              0.
Pages wired down:                         91592.
Pages purgeable:                          16819.
"Translation faults":                1031793448.
Pages copy-on-write:                    7864742.
Pages zero filled:                    511775100.
Pages reactivated:                    116739845.
Pages purged:                          39913283.
File-backed pages:                        78114.
Anonymous pages:                         142675.
Pages stored in compressor:             1009485.
Pages occupied by compressor:            172193.
Decompressions:                       248551891.
Compressions:                         278096259.
Pageins:                              106246154.
Pageouts:                               1132078.
Swapins:                                2453222.
Swapouts:                               3122996.
Logged In Users:
ramyakeerthanayarlagadda console      Jun 17 10:21 
ramyakeerthanayarlagadda ttys000      Jun 28 10:19 
